// Jest Snapshot v1, https://goo.gl/fbAQLP

exports[`<Clock/> when gives minutes and seconds(react-test-renderer) renders properly 1`] = `
<h2
  className="Clock "
>
  Pozosta≈Ço 
  00
  :
  20
  :
  10
  :
  00
</h2>
`;
